https://conflictchamber.com/#ca501b_-0tcVaPaPaPkHbvbfaObubbbeb9b9___-0tgNaPaPbvcOeJeJeJaObbbbbebecob9b9

Legion Army - 78 / 75 points
[Theme] Oracles of Annihilation

!!! This army must contain 75 points or fewer

[Lylyth 3] Lylyth, Reckoning of Everblight [+29]
 - Angelius [17]
 - Angelius [17]
 - Angelius [17]
 - Carnivean [18]
 - Naga Nightlurker [8]
 - Nephilim Bolt Thrower [11]
 - Seraph [14]
 - Succubus [0(4)]
Blighted Nyss Shepherd [1]
Blighted Nyss Sorceress & Hellion [0(6)]
The Forsaken [0(4)]
The Forsaken [4]

Legion Army - 79 / 75 points
[Theme] Oracles of Annihilation

!!! This army must contain 75 points or fewer

[Fyanna 2] Fyanna, Torment of Everblight [+28]
 - Angelius [17]
 - Angelius [17]
 - Naga Nightlurker [8]
 - Nephilim Bloodseer [8]
 - Neraph [12]
 - Neraph [12]
 - Neraph [12]
 - Seraph [14]
Blighted Nyss Shepherd [1]
Blighted Nyss Shepherd [1]
Blighted Nyss Sorceress & Hellion [0(6)]
Blighted Nyss Sorceress & Hellion [0(6)]
Spell Martyr [1]
The Forsaken [0(4)]
The Forsaken [4]
