https://conflictchamber.com/#c85b1b_-0pexjGjGjFjEjE4H4H4Hg4g45g5f5fgs__4w4M4M4z4H4HfF4_4U4Wi7gs

Circle Army - 68 / 75 points
[Theme] The Bones of Orboros

[Thorle 1] Bradigus Thorle the Runecarver [+27]
 - Wold Guardian [16]
 - Wold Guardian [16]
 - Woldwarden [14]
 - Woldwatcher [8]
 - Woldwatcher [8]
 - Woldwyrd [9]
 - Woldwyrd [9]
 - Woldwyrd [9]
Blackclad Stoneshaper [0(3)]
Blackclad Stoneshaper [0(3)]
Blackclad Wayfarer [0(4)]
Shifting Stones [3]
Shifting Stones [3]
Bunker (Objective) [0]

Circle Army - 75 / 75 points

[Mohsar 1] Mohsar the Desertwalker [+27]
 - Pureblood Warpwolf [17]
 - Pureblood Warpwolf [17]
 - Wild Argus [7]
 - Woldwyrd [9]
 - Woldwyrd [9]
Swamp Gobber Chef [1]
Tharn Bloodweavers [8]
Wolves of Orboros (max) [11]
 - Wolves of Orboros Chieftain & Standard [4]
Celestial Fulcrum [19]
Bunker (Objective) [0]
