https://conflictchamber.com/#c15b1b8W9EiPakfMfManagag9KiacXgu__7D9y9Haj9b9bg8aoada5a6a9gu

Cygnar Army - 72 / 75 points

[Caine 2] Captain Allister Caine [+27]
 - Defender [16]
 - Hunter [10]
 - Squire [5]
Arcane Tempest Rifleman [4]
Arcane Tempest Rifleman [4]
Captain Arlan Strangewayes [4]
Gun Mage Captain Adept [5]
Gun Mage Captain Adept [5]
Arcane Tempest Gun Mages [11]
Long Gunner Infantry (max) [16]
Tempest Blazers (max) [18]
Fuel Cache (Objective) [0]

Cygnar Army - 75 / 75 points

[Stryker 2] Lord Commander Stryker [+28]
 - Lancer [10]
 - Stormclad [18]
Journeyman Warcaster [4]
 - Charger [9]
 - Charger [9]
Major Harrison Gibbs [4]
Major Katherine Laddermore [8]
Storm Lances (max) [20]
Stormblade Infantry [10]
 - Stormblade Infantry Officer & Standard [5]
 - Stormblade Infantry Storm Gunner (3) [6]
Fuel Cache (Objective) [0]
