https://conflictchamber.com/#c25b1b0y221G3k3We41G7_3C3z3z3B2_2W2mm2gu___-0d171S1U1U1q1q1q1q1q1q1r1Lme3C3z3z3B2_2_gu

Protectorate Army - 75 / 75 points

[Kreoss 1] High Exemplar Kreoss [+29]
 - Reckoner [16]
 - Redeemer [11]
Allegiant of the Order of the Fist [3]
Eiryss, Mage Hunter of Ios [7]
Initiate Tristan Durant [4]
 - Redeemer [11]
Taryn di la Rovissi, Llaelese Gun Mage [5]
The Covenant of Menoth [4]
Vassal of Menoth [3]
Vassal of Menoth [3]
Wrack [1]
Choir of Menoth (min) [4]
Deliverer Sunburst Crew [5]
Exemplar Errants (max) [16]
Visgoth Juviah Rhoven & Honor Guard [9]
Fuel Cache (Objective) [0]

Protectorate Army - 75 / 75 points
[Theme] The Creator's Might

[Amon 1] High Allegiant Amon Ad-Raza [+29]
 - Castigator [12]
 - Crusader [10]
 - Crusader [10]
 - Dervish [7]
 - Dervish [7]
 - Dervish [7]
 - Dervish [7]
 - Dervish [7]
 - Dervish [7]
 - Devout [9]
 - Vigilant [9]
 - Hierophant [0(3)]
The Covenant of Menoth [0(4)]
Vassal of Menoth [0(3)]
Vassal of Menoth [3]
Wrack [1]
Choir of Menoth (min) [4]
Choir of Menoth (min) [4]
Fuel Cache (Objective) [0]
