https://conflictchamber.com/#c35b1b_-0f6ZkTeQ8f8tgcgc7Z7Z7S7T7W7-7-7Y7W7Y7Wgs__797w9vdi4i867H7I7H7I8M8I7-7-gs

Khador Army - 75 / 75 points
[Theme] Winter Guard Kommand

[Butcher 1] Orsus Zoktavir, The Butcher of Khardov [+28]
 - Marauder [11]
 - Ruin [17]
 - War Dog [3]
Kovnik Jozef Grigorovich [4]
Winter Guard Artillery Kapitan [3]
Winter Guard Artillery Kapitan [3]
Winter Guard Field Gun Crew [0(4)]
Winter Guard Field Gun Crew [4]
Winter Guard Infantry (max) [10]
 - Winter Guard Infantry Officer & Standard [4]
 - Winter Guard Rocketeer (3) [6]
Winter Guard Mortar Crew [0(5)]
Winter Guard Mortar Crew [0(5)]
Winter Guard Rifle Corps (max) [13]
 - Winter Guard Rocketeer (3) [6]
Winter Guard Rifle Corps (max) [13]
 - Winter Guard Rocketeer (3) [6]
Bunker (Objective) [0]

Khador Army - 75 / 75 points

[Irusk 2] Supreme Kommandant Irusk [+27]
 - Behemoth [25]
 - Sylys Wyshnalyrr, the Seeker [4]
Iron Fang Kovnik [4]
Saxon Orrik [4]
Battle Mechaniks (min) [3]
Iron Fang Pikemen (max) [15]
 - Iron Fang Pikemen Officer & Standard [4]
Iron Fang Pikemen (max) [15]
 - Iron Fang Pikemen Officer & Standard [4]
Lady Aiyana & Master Holt [8]
 - Koldun Kapitan Valachev [4]
Winter Guard Mortar Crew [5]
Winter Guard Mortar Crew [5]
Bunker (Objective) [0]
