https://conflictchamber.com/#c85b1b_-0qg1_YmDmW4M4M_YmJ4H4H_YmV5j5j4S5s4U4Wgu__4w_YmK4B4Q4M4z_Y4z4H4H5AfrfF_Y5e_Y5emF4_gs

Circle Army - 75 / 75 points
[Theme] The Wild Hunt

[Tanith 1] Tanith the Feral Song [+31]
 - Feral Warpwolf [16]
 - Loki [19]
 - Pureblood Warpwolf [17]
 - Pureblood Warpwolf [17]
 - Warpwolf Stalker [17]
 - Woldwyrd [9]
 - Woldwyrd [9]
Gallows Grove [2]
War Wolf [2]
War Wolf [2]
Reeves of Orboros (max) [16]
 - Reeve of Orboros Chieftain & Standard [0(4)]
Wolves of Orboros (max) [11]
 - Wolves of Orboros Chieftain & Standard [4]
Fuel Cache (Objective) [0]

Circle Army - 74 / 75 points

[Mohsar 1] Mohsar the Desertwalker [+27]
 - Ghetorix [19]
 - Gorax Rager [7]
 - Megalith [20]
 - Pureblood Warpwolf [17]
 - Wild Argus [7]
 - Wild Argus [7]
 - Woldwyrd [9]
 - Woldwyrd [9]
 - Druid Wilder [4]
Bloodweaver Night Witch [4]
Swamp Gobber Chef [1]
Sentry Stone & Mannikins [5]
Sentry Stone & Mannikins [5]
Tharn Bloodtrackers (max) [15]
Tharn Bloodweavers [8]
Bunker (Objective) [0]
